// Jest Snapshot v1, https://goo.gl/fbAQLP

exports[`Input should render correctly 1`] = `
<div>
  <input
    class="input "
    placeholder="search tiles"
    type="text"
    value=""
  />
  <button
    class="clearButton "
  >
    <svg
      height="24"
      width="24"
      xmlns="http://www.w3.org/2000/svg"
    >
      <path
        d="M6.4 19.45 4.55 17.6l5.6-5.6-5.6-5.6L6.4 4.55l5.6 5.6 5.6-5.6 1.85 1.85-5.6 5.6 5.6 5.6-1.85 1.85-5.6-5.6Z"
      />
    </svg>
  </button>
</div>
`;
